ARM Linker, 5.03 [Build 76] [MDK-ARM Lite]

==============================================================================

Section Cross References

    mydips.o(mycode) refers to lcd_subbs.o(lcd_subss) for LCD_pinss
    mystartup.o(RESET) refers to mydips.o(mycode) for user_code


==============================================================================

Image Symbol Table

    Local Symbols

    Symbol Name                              Value     Ov Type        Size  Object(Section)

    RESET                                    0x00000000   Section      160  mystartup.o(RESET)
    lcd_subbs.s                              0x00000000   Number         0  lcd_subbs.o ABSOLUTE
    mydips.s                                 0x00000000   Number         0  mydips.o ABSOLUTE
    mystartup.s                              0x00000000   Number         0  mystartup.o ABSOLUTE
    SWIHandler                               0x00000040   ARM Code       4  mystartup.o(RESET)
    PAbtHandler                              0x00000044   ARM Code       4  mystartup.o(RESET)
    DAbtHandler                              0x00000048   ARM Code       4  mystartup.o(RESET)
    IRQHandler                               0x0000004c   ARM Code       4  mystartup.o(RESET)
    FIQHandler                               0x00000050   ARM Code       4  mystartup.o(RESET)
    UndefHandler                             0x00000054   ARM Code       4  mystartup.o(RESET)
    Reset_Handler                            0x00000058   ARM Code       0  mystartup.o(RESET)
    lcd_subss                                0x000000a0   Section      720  lcd_subbs.o(lcd_subss)
    mycode                                   0x00000370   Section       96  mydips.o(mycode)
    STRING1                                  0x000003b4   Data           7  mydips.o(mycode)
    STRING2                                  0x000003bb   Data           9  mydips.o(mycode)

    Global Symbols

    Symbol Name                              Value     Ov Type        Size  Object(Section)

    BuildAttributes$$THM_ISAv1$ARM_ISAv4$S$PE$A:L22$X:L11$S22$IEEE1$IW$USESV6$~STKCKD$USESV7$~SHL$OSPACE$EBA8$STANDARDLIB$EABIv2 0x00000000   Number         0  anon$$obj.o ABSOLUTE
    delay10uss                               0x000000a0   ARM Code       4  lcd_subbs.o(lcd_subss)
    LCD_pinss                                0x000000c4   ARM Code       4  lcd_subbs.o(lcd_subss)
    LCD_cmds                                 0x00000134   ARM Code       4  lcd_subbs.o(lcd_subss)
    LCD_chars                                0x000001ac   ARM Code       4  lcd_subbs.o(lcd_subss)
    LCD_inits                                0x00000224   ARM Code       4  lcd_subbs.o(lcd_subss)
    LCD_strings                              0x000002dc   ARM Code       4  lcd_subbs.o(lcd_subss)
    LCD_clear                                0x0000031c   ARM Code       4  lcd_subbs.o(lcd_subss)
    user_code                                0x00000370   ARM Code       0  mydips.o(mycode)



==============================================================================

Memory Map of the image

  Image Entry point : 0x00000000

  Load Region LR_1 (Base: 0x00000000, Size: 0x000003d0, Max: 0xffffffff, ABSOLUTE)

    Execution Region ER_RO (Base: 0x00000000, Size: 0x000003d0, Max: 0xffffffff, ABSOLUTE)

    Base Addr    Size         Type   Attr      Idx    E Section Name        Object

    0x00000000   0x000000a0   Code   RO            9  * RESET               mystartup.o
    0x000000a0   0x000002d0   Code   RO            1    lcd_subss           lcd_subbs.o
    0x00000370   0x00000060   Code   RO            6    mycode              mydips.o


    Execution Region ER_RW (Base: 0x40000000, Size: 0x00000000, Max: 0xffffffff, ABSOLUTE)

    **** No section assigned to this execution region ****


    Execution Region ER_ZI (Base: 0x40000000, Size: 0x00000000, Max: 0xffffffff, ABSOLUTE)

    **** No section assigned to this execution region ****


==============================================================================

Image component sizes


      Code (inc. data)   RO Data    RW Data    ZI Data      Debug   Object Name

       720         52          0          0          0        388   lcd_subbs.o
        96         28          0          0          0        196   mydips.o
       160         48          0          0          0        232   mystartup.o

    ----------------------------------------------------------------------
       976        128          0          0          0        816   Object Totals
         0          0          0          0          0          0   (incl. Generated)
         0          0          0          0          0          0   (incl. Padding)

    ----------------------------------------------------------------------
         0          0          0          0          0          0   Library Totals
         0          0          0          0          0          0   (incl. Padding)

    ----------------------------------------------------------------------

==============================================================================


      Code (inc. data)   RO Data    RW Data    ZI Data      Debug   

       976        128          0          0          0        816   Grand Totals
       976        128          0          0          0        816   ELF Image Totals
       976        128          0          0          0          0   ROM Totals

==============================================================================

    Total RO  Size (Code + RO Data)                  976 (   0.95kB)
    Total RW  Size (RW Data + ZI Data)                 0 (   0.00kB)
    Total ROM Size (Code + RO Data + RW Data)        976 (   0.95kB)

==============================================================================

