<!doctype html public "-//w3c//dtd html 4.0 transitional//en">
<html><head>
<title>Static Call Graph - [.\Objects\Lab7.axf]</title></head>
<body><HR>
<H1>Static Call Graph for image .\Objects\Lab7.axf</H1><HR>
<BR><P>#&#060CALLGRAPH&#062# ARM Linker, 5060750: Last Updated: Fri Apr 01 11:42:51 2022
<BR><P>
<H3>Maximum Stack Usage =          0 bytes + Unknown(Functions without stacksize, Cycles, Untraceable Function Pointers)</H3><H3>
Call chain for Maximum Stack Depth:</H3>

<P>
<H3>
Functions with no stack information
</H3><UL>
 <LI><a href="#[7]">user_code</a>
 <LI><a href="#[f]">DELAY</a>
 <LI><a href="#[8]">subrts</a>
 <LI><a href="#[9]">LCD_PINS</a>
 <LI><a href="#[b]">LCD_CMD</a>
 <LI><a href="#[d]">LCD_CHAR</a>
 <LI><a href="#[a]">LCD_INIT</a>
 <LI><a href="#[c]">LCD_STRING</a>
 <LI><a href="#[e]">LCD_CLEAR</a>
 <LI><a href="#[2]">SWIHandler</a>
 <LI><a href="#[3]">PAbtHandler</a>
 <LI><a href="#[4]">DAbtHandler</a>
 <LI><a href="#[5]">IRQHandler</a>
 <LI><a href="#[6]">FIQHandler</a>
 <LI><a href="#[1]">UndefHandler</a>
 <LI><a href="#[0]">Reset_Handler</a>
</UL>
</UL>
<P>
<H3>
Mutually Recursive functions
</H3> <LI><a href="#[2]">SWIHandler</a>&nbsp;&nbsp;&nbsp;&rArr;&nbsp;&nbsp;&nbsp;<a href="#[2]">SWIHandler</a><BR>
 <LI><a href="#[3]">PAbtHandler</a>&nbsp;&nbsp;&nbsp;&rArr;&nbsp;&nbsp;&nbsp;<a href="#[3]">PAbtHandler</a><BR>
 <LI><a href="#[4]">DAbtHandler</a>&nbsp;&nbsp;&nbsp;&rArr;&nbsp;&nbsp;&nbsp;<a href="#[4]">DAbtHandler</a><BR>
 <LI><a href="#[5]">IRQHandler</a>&nbsp;&nbsp;&nbsp;&rArr;&nbsp;&nbsp;&nbsp;<a href="#[5]">IRQHandler</a><BR>
 <LI><a href="#[6]">FIQHandler</a>&nbsp;&nbsp;&nbsp;&rArr;&nbsp;&nbsp;&nbsp;<a href="#[6]">FIQHandler</a><BR>
 <LI><a href="#[1]">UndefHandler</a>&nbsp;&nbsp;&nbsp;&rArr;&nbsp;&nbsp;&nbsp;<a href="#[1]">UndefHandler</a><BR>
</UL>
<P>
<H3>
Function Pointers
</H3><UL>
 <LI><a href="#[4]">DAbtHandler</a> from mystartup.o(RESET) referenced from mystartup.o(RESET)
 <LI><a href="#[6]">FIQHandler</a> from mystartup.o(RESET) referenced from mystartup.o(RESET)
 <LI><a href="#[5]">IRQHandler</a> from mystartup.o(RESET) referenced from mystartup.o(RESET)
 <LI><a href="#[3]">PAbtHandler</a> from mystartup.o(RESET) referenced from mystartup.o(RESET)
 <LI><a href="#[0]">Reset_Handler</a> from mystartup.o(RESET) referenced from mystartup.o(RESET)
 <LI><a href="#[2]">SWIHandler</a> from mystartup.o(RESET) referenced from mystartup.o(RESET)
 <LI><a href="#[1]">UndefHandler</a> from mystartup.o(RESET) referenced from mystartup.o(RESET)
 <LI><a href="#[7]">user_code</a> from mycode.o(mycode) referenced from mystartup.o(RESET)
</UL>
<P>
<H3>
Global Symbols
</H3>
<P><STRONG><a name="[7]"></a>user_code</STRONG> (ARM, 0 bytes, Stack size unknown bytes, mycode.o(mycode))
<BR><BR>[Calls]<UL><LI><a href="#[c]">&gt;&gt;</a>&nbsp;&nbsp;&nbsp;LCD_STRING
<LI><a href="#[9]">&gt;&gt;</a>&nbsp;&nbsp;&nbsp;LCD_PINS
<LI><a href="#[a]">&gt;&gt;</a>&nbsp;&nbsp;&nbsp;LCD_INIT
<LI><a href="#[b]">&gt;&gt;</a>&nbsp;&nbsp;&nbsp;LCD_CMD
</UL>
<BR>[Address Reference Count : 1]<UL><LI> mystartup.o(RESET)
</UL>
<P><STRONG><a name="[f]"></a>DELAY</STRONG> (ARM, 0 bytes, Stack size unknown bytes, lcd_subs.o(mycode), UNUSED)

<P><STRONG><a name="[8]"></a>subrts</STRONG> (ARM, 0 bytes, Stack size unknown bytes, lcd_subs.o(mycode))
<BR><BR>[Called By]<UL><LI><a href="#[0]">&gt;&gt;</a>&nbsp;&nbsp;&nbsp;Reset_Handler
</UL>

<P><STRONG><a name="[9]"></a>LCD_PINS</STRONG> (ARM, 0 bytes, Stack size unknown bytes, lcd_subs.o(mycode))
<BR><BR>[Called By]<UL><LI><a href="#[7]">&gt;&gt;</a>&nbsp;&nbsp;&nbsp;user_code
</UL>

<P><STRONG><a name="[b]"></a>LCD_CMD</STRONG> (ARM, 0 bytes, Stack size unknown bytes, lcd_subs.o(mycode))
<BR><BR>[Called By]<UL><LI><a href="#[c]">&gt;&gt;</a>&nbsp;&nbsp;&nbsp;LCD_STRING
<LI><a href="#[a]">&gt;&gt;</a>&nbsp;&nbsp;&nbsp;LCD_INIT
<LI><a href="#[e]">&gt;&gt;</a>&nbsp;&nbsp;&nbsp;LCD_CLEAR
<LI><a href="#[7]">&gt;&gt;</a>&nbsp;&nbsp;&nbsp;user_code
</UL>

<P><STRONG><a name="[d]"></a>LCD_CHAR</STRONG> (ARM, 0 bytes, Stack size unknown bytes, lcd_subs.o(mycode))
<BR><BR>[Called By]<UL><LI><a href="#[c]">&gt;&gt;</a>&nbsp;&nbsp;&nbsp;LCD_STRING
</UL>

<P><STRONG><a name="[a]"></a>LCD_INIT</STRONG> (ARM, 0 bytes, Stack size unknown bytes, lcd_subs.o(mycode))
<BR><BR>[Calls]<UL><LI><a href="#[b]">&gt;&gt;</a>&nbsp;&nbsp;&nbsp;LCD_CMD
</UL>
<BR>[Called By]<UL><LI><a href="#[7]">&gt;&gt;</a>&nbsp;&nbsp;&nbsp;user_code
</UL>

<P><STRONG><a name="[c]"></a>LCD_STRING</STRONG> (ARM, 0 bytes, Stack size unknown bytes, lcd_subs.o(mycode))
<BR><BR>[Calls]<UL><LI><a href="#[b]">&gt;&gt;</a>&nbsp;&nbsp;&nbsp;LCD_CMD
<LI><a href="#[d]">&gt;&gt;</a>&nbsp;&nbsp;&nbsp;LCD_CHAR
</UL>
<BR>[Called By]<UL><LI><a href="#[7]">&gt;&gt;</a>&nbsp;&nbsp;&nbsp;user_code
</UL>

<P><STRONG><a name="[e]"></a>LCD_CLEAR</STRONG> (ARM, 0 bytes, Stack size unknown bytes, lcd_subs.o(mycode), UNUSED)
<BR><BR>[Calls]<UL><LI><a href="#[b]">&gt;&gt;</a>&nbsp;&nbsp;&nbsp;LCD_CMD
</UL>
<P>
<H3>
Local Symbols
</H3>
<P><STRONG><a name="[2]"></a>SWIHandler</STRONG> (ARM, 4 bytes, Stack size unknown bytes, mystartup.o(RESET))
<BR><BR>[Calls]<UL><LI><a href="#[2]">&gt;&gt;</a>&nbsp;&nbsp;&nbsp;SWIHandler
</UL>
<BR>[Called By]<UL><LI><a href="#[2]">&gt;&gt;</a>&nbsp;&nbsp;&nbsp;SWIHandler
</UL>
<BR>[Address Reference Count : 1]<UL><LI> mystartup.o(RESET)
</UL>
<P><STRONG><a name="[3]"></a>PAbtHandler</STRONG> (ARM, 4 bytes, Stack size unknown bytes, mystartup.o(RESET))
<BR><BR>[Calls]<UL><LI><a href="#[3]">&gt;&gt;</a>&nbsp;&nbsp;&nbsp;PAbtHandler
</UL>
<BR>[Called By]<UL><LI><a href="#[3]">&gt;&gt;</a>&nbsp;&nbsp;&nbsp;PAbtHandler
</UL>
<BR>[Address Reference Count : 1]<UL><LI> mystartup.o(RESET)
</UL>
<P><STRONG><a name="[4]"></a>DAbtHandler</STRONG> (ARM, 4 bytes, Stack size unknown bytes, mystartup.o(RESET))
<BR><BR>[Calls]<UL><LI><a href="#[4]">&gt;&gt;</a>&nbsp;&nbsp;&nbsp;DAbtHandler
</UL>
<BR>[Called By]<UL><LI><a href="#[4]">&gt;&gt;</a>&nbsp;&nbsp;&nbsp;DAbtHandler
</UL>
<BR>[Address Reference Count : 1]<UL><LI> mystartup.o(RESET)
</UL>
<P><STRONG><a name="[5]"></a>IRQHandler</STRONG> (ARM, 4 bytes, Stack size unknown bytes, mystartup.o(RESET))
<BR><BR>[Calls]<UL><LI><a href="#[5]">&gt;&gt;</a>&nbsp;&nbsp;&nbsp;IRQHandler
</UL>
<BR>[Called By]<UL><LI><a href="#[5]">&gt;&gt;</a>&nbsp;&nbsp;&nbsp;IRQHandler
</UL>
<BR>[Address Reference Count : 1]<UL><LI> mystartup.o(RESET)
</UL>
<P><STRONG><a name="[6]"></a>FIQHandler</STRONG> (ARM, 4 bytes, Stack size unknown bytes, mystartup.o(RESET))
<BR><BR>[Calls]<UL><LI><a href="#[6]">&gt;&gt;</a>&nbsp;&nbsp;&nbsp;FIQHandler
</UL>
<BR>[Called By]<UL><LI><a href="#[6]">&gt;&gt;</a>&nbsp;&nbsp;&nbsp;FIQHandler
</UL>
<BR>[Address Reference Count : 1]<UL><LI> mystartup.o(RESET)
</UL>
<P><STRONG><a name="[1]"></a>UndefHandler</STRONG> (ARM, 4 bytes, Stack size unknown bytes, mystartup.o(RESET))
<BR><BR>[Calls]<UL><LI><a href="#[1]">&gt;&gt;</a>&nbsp;&nbsp;&nbsp;UndefHandler
</UL>
<BR>[Called By]<UL><LI><a href="#[1]">&gt;&gt;</a>&nbsp;&nbsp;&nbsp;UndefHandler
</UL>
<BR>[Address Reference Count : 1]<UL><LI> mystartup.o(RESET)
</UL>
<P><STRONG><a name="[0]"></a>Reset_Handler</STRONG> (ARM, 0 bytes, Stack size unknown bytes, mystartup.o(RESET))
<BR><BR>[Calls]<UL><LI><a href="#[8]">&gt;&gt;</a>&nbsp;&nbsp;&nbsp;subrts
</UL>
<BR>[Address Reference Count : 1]<UL><LI> mystartup.o(RESET)
</UL><P>
<H3>
Undefined Global Symbols
</H3><HR></body></html>
